object q_empty
enum QType ['none', 'qnull', 'qnum', 'qstring', 'qdict', 'qlist', 'qbool']
    prefix QTYPE
module indented-expr.json
command eins None -> None
   gen=True success_response=True boxed=False oob=False preconfig=False
command zwei None -> None
   gen=True success_response=True boxed=False oob=False preconfig=False
