.......................
----------------------------------------------------------------------
Ran 23 tests

OK
