..............................................................................................
----------------------------------------------------------------------
Ran 94 tests

OK
