QA output created by 134
Formatting 'TEST_DIR/t.IMGFMT', fmt=IMGFMT size=134217728 encryption=on encrypt.key-secret=sec0

== reading whole image ==
read 134217728/134217728 bytes at offset 0
128 MiB, X ops; XX:XX:XX.X (XXX YYY/sec and XXX ops/sec)

== rewriting whole image ==
wrote 134217728/134217728 bytes at offset 0
128 MiB, X ops; XX:XX:XX.X (XXX YYY/sec and XXX ops/sec)

== verify pattern ==
read 134217728/134217728 bytes at offset 0
128 MiB, X ops; XX:XX:XX.X (XXX YYY/sec and XXX ops/sec)

== verify pattern failure with wrong password ==
Pattern verification failed at offset 0, 134217728 bytes
read 134217728/134217728 bytes at offset 0
128 MiB, X ops; XX:XX:XX.X (XXX YYY/sec and XXX ops/sec)
*** done
