Launching VMs...
Launching NBD server on destination...
{u'return': {}}
{u'return': {}}
Starting `drive-mirror` on source...
{u'return': {}}
Waiting for `drive-mirror` to complete...
{u'timestamp': {u'seconds': 'SECS', u'microseconds': 'USECS'}, u'data': {u'device': u'mirror-job0', u'type': u'mirror', u'speed': 0, u'len': 1073741824, u'offset': 1073741824}, u'event': u'BLOCK_JOB_READY'}
Starting migration...
{u'return': {}}
{u'timestamp': {u'seconds': 'SECS', u'microseconds': 'USECS'}, u'data': {u'status': u'setup'}, u'event': u'MIGRATION'}
{u'timestamp': {u'seconds': 'SECS', u'microseconds': 'USECS'}, u'data': {u'status': u'active'}, u'event': u'MIGRATION'}
{u'timestamp': {u'seconds': 'SECS', u'microseconds': 'USECS'}, u'data': {u'status': u'completed'}, u'event': u'MIGRATION'}
Gracefully ending the `drive-mirror` job on source...
{u'return': {}}
{u'timestamp': {u'seconds': 'SECS', u'microseconds': 'USECS'}, u'data': {u'device': u'mirror-job0', u'type': u'mirror', u'speed': 0, u'len': 1073741824, u'offset': 1073741824}, u'event': u'BLOCK_JOB_COMPLETED'}
Stopping the NBD server on destination...
{u'return': {}}
