Launching VM...
Adding IOThread...
{u'return': {}}
Adding blockdevs...
{u'return': {}}
{u'return': {}}
Setting iothread...
{u'return': {}}
{u'return': {}}
Creating external snapshots...
{u'return': {}}
