Launching VM...
Setting IOThreads...
{u'return': {}}
{u'return': {}}
Enabling migration QMP events...
{u'return': {}}
Starting migration...
{u'return': {}}
{u'timestamp': {u'seconds': 'SECS', u'microseconds': 'USECS'}, u'data': {u'status': u'setup'}, u'event': u'MIGRATION'}
{u'timestamp': {u'seconds': 'SECS', u'microseconds': 'USECS'}, u'data': {u'status': u'active'}, u'event': u'MIGRATION'}
{u'timestamp': {u'seconds': 'SECS', u'microseconds': 'USECS'}, u'data': {u'status': u'completed'}, u'event': u'MIGRATION'}
