Launching VM...
Starting NBD server...
{u'return': {}}
Adding NBD export...
{u'return': {}}
Creating external snapshot...
{u'return': {}}
Stopping NBD server...
{u'return': {}}
