[{ "start": 0, "length": 524288, "depth": 0, "zero": false, "data": true},
{ "start": 524288, "length": 524288, "depth": 0, "zero": true, "data": false}]
