=== Successful image creation (defaults) ===

{'execute': 'blockdev-create', 'arguments': {'job_id': 'job0', 'options': {'size': 0, 'driver': 'file', 'filename': 'TEST_DIR/PID-t.vdi'}}}
{u'return': {}}
{'execute': 'job-dismiss', 'arguments': {'id': 'job0'}}
{u'return': {}}

{'execute': 'blockdev-add', 'arguments': {'node_name': 'imgfile', 'driver': 'file', 'filename': 'TEST_DIR/PID-t.vdi'}}
{u'return': {}}
{'execute': 'blockdev-create', 'arguments': {'job_id': 'job0', 'options': {'driver': 'vdi', 'file': 'imgfile', 'size': 134217728}}}
{u'return': {}}
{'execute': 'job-dismiss', 'arguments': {'id': 'job0'}}
{u'return': {}}

image: TEST_IMG
file format: IMGFMT
virtual size: 128M (134217728 bytes)
cluster_size: 1048576

[{ "start": 0, "length": 134217728, "depth": 0, "zero": true, "data": false}]

=== Successful image creation (explicit defaults) ===

{'execute': 'blockdev-create', 'arguments': {'job_id': 'job0', 'options': {'size': 0, 'driver': 'file', 'filename': 'TEST_DIR/PID-t.vdi'}}}
{u'return': {}}
{'execute': 'job-dismiss', 'arguments': {'id': 'job0'}}
{u'return': {}}

{'execute': 'blockdev-create', 'arguments': {'job_id': 'job0', 'options': {'preallocation': 'off', 'driver': 'vdi', 'file': {'driver': 'file', 'filename': 'TEST_DIR/PID-t.vdi'}, 'size': 67108864}}}
{u'return': {}}
{'execute': 'job-dismiss', 'arguments': {'id': 'job0'}}
{u'return': {}}

image: TEST_IMG
file format: IMGFMT
virtual size: 64M (67108864 bytes)
cluster_size: 1048576

[{ "start": 0, "length": 67108864, "depth": 0, "zero": true, "data": false}]

=== Successful image creation (with non-default options) ===

{'execute': 'blockdev-create', 'arguments': {'job_id': 'job0', 'options': {'size': 0, 'driver': 'file', 'filename': 'TEST_DIR/PID-t.vdi'}}}
{u'return': {}}
{'execute': 'job-dismiss', 'arguments': {'id': 'job0'}}
{u'return': {}}

{'execute': 'blockdev-create', 'arguments': {'job_id': 'job0', 'options': {'preallocation': 'metadata', 'driver': 'vdi', 'file': {'driver': 'file', 'filename': 'TEST_DIR/PID-t.vdi'}, 'size': 33554432}}}
{u'return': {}}
{'execute': 'job-dismiss', 'arguments': {'id': 'job0'}}
{u'return': {}}

image: TEST_IMG
file format: IMGFMT
virtual size: 32M (33554432 bytes)
cluster_size: 1048576

[{ "start": 0, "length": 3072, "depth": 0, "zero": false, "data": true, "offset": 1024},
{ "start": 3072, "length": 33551360, "depth": 0, "zero": true, "data": true, "offset": 4096}]

=== Invalid BlockdevRef ===

{'execute': 'blockdev-create', 'arguments': {'job_id': 'job0', 'options': {'driver': 'vdi', 'file': "this doesn't exist", 'size': 33554432}}}
{u'return': {}}
Job failed: Cannot find device=this doesn't exist nor node_name=this doesn't exist
{'execute': 'job-dismiss', 'arguments': {'id': 'job0'}}
{u'return': {}}

=== Zero size ===

{'execute': 'blockdev-create', 'arguments': {'job_id': 'job0', 'options': {'driver': 'vdi', 'file': 'node0', 'size': 0}}}
{u'return': {}}
{'execute': 'job-dismiss', 'arguments': {'id': 'job0'}}
{u'return': {}}

image: TEST_IMG
file format: IMGFMT
virtual size: 0 (0 bytes)
cluster_size: 1048576

=== Maximum size ===

{'execute': 'blockdev-create', 'arguments': {'job_id': 'job0', 'options': {'driver': 'vdi', 'file': 'node0', 'size': 562949819203584}}}
{u'return': {}}
{'execute': 'job-dismiss', 'arguments': {'id': 'job0'}}
{u'return': {}}

image: TEST_IMG
file format: IMGFMT
virtual size: 512T (562949819203584 bytes)
cluster_size: 1048576

=== Invalid sizes ===

{'execute': 'blockdev-create', 'arguments': {'job_id': 'job0', 'options': {'driver': 'vdi', 'file': 'node0', 'size': 18446744073709551104L}}}
{u'return': {}}
Job failed: Unsupported VDI image size (size is 0xfffffffffffffe00, max supported is 0x1fffff8000000)
{'execute': 'job-dismiss', 'arguments': {'id': 'job0'}}
{u'return': {}}

{'execute': 'blockdev-create', 'arguments': {'job_id': 'job0', 'options': {'driver': 'vdi', 'file': 'node0', 'size': 9223372036854775808L}}}
{u'return': {}}
Job failed: Unsupported VDI image size (size is 0x8000000000000000, max supported is 0x1fffff8000000)
{'execute': 'job-dismiss', 'arguments': {'id': 'job0'}}
{u'return': {}}

{'execute': 'blockdev-create', 'arguments': {'job_id': 'job0', 'options': {'driver': 'vdi', 'file': 'node0', 'size': 562949819203585}}}
{u'return': {}}
Job failed: Unsupported VDI image size (size is 0x1fffff8000001, max supported is 0x1fffff8000000)
{'execute': 'job-dismiss', 'arguments': {'id': 'job0'}}
{u'return': {}}

