Launching VM...


Starting block job: drive-mirror (auto-finalize: True; auto-dismiss: True)
{u'return': {}}
{u'return': [{u'status': u'running', u'total-progress': 4194304, u'id': u'job0', u'type': u'mirror'}]}
{u'timestamp': {u'seconds': 'SECS', u'microseconds': 'USECS'}, u'data': {u'status': u'created', u'id': u'job0'}, u'event': u'JOB_STATUS_CHANGE'}
{u'timestamp': {u'seconds': 'SECS', u'microseconds': 'USECS'}, u'data': {u'status': u'running', u'id': u'job0'}, u'event': u'JOB_STATUS_CHANGE'}

Pause/resume in RUNNING
=== Testing block-job-pause/block-job-resume ===
{u'return': {}}
{u'timestamp': {u'seconds': 'SECS', u'microseconds': 'USECS'}, u'data': {u'status': u'paused', u'id': u'job0'}, u'event': u'JOB_STATUS_CHANGE'}
{u'return': [{u'status': u'paused', u'current-progress': 65536, u'total-progress': 4194304, u'id': u'job0', u'type': u'mirror'}]}
{u'return': {}}
{u'timestamp': {u'seconds': 'SECS', u'microseconds': 'USECS'}, u'data': {u'status': u'running', u'id': u'job0'}, u'event': u'JOB_STATUS_CHANGE'}
{u'return': [{u'status': u'running', u'current-progress': 131072, u'total-progress': 4194304, u'id': u'job0', u'type': u'mirror'}]}
=== Testing block-job-pause/job-resume ===
{u'return': {}}
{u'timestamp': {u'seconds': 'SECS', u'microseconds': 'USECS'}, u'data': {u'status': u'paused', u'id': u'job0'}, u'event': u'JOB_STATUS_CHANGE'}
{u'return': [{u'status': u'paused', u'current-progress': 131072, u'total-progress': 4194304, u'id': u'job0', u'type': u'mirror'}]}
{u'return': {}}
{u'timestamp': {u'seconds': 'SECS', u'microseconds': 'USECS'}, u'data': {u'status': u'running', u'id': u'job0'}, u'event': u'JOB_STATUS_CHANGE'}
{u'return': [{u'status': u'running', u'current-progress': 196608, u'total-progress': 4194304, u'id': u'job0', u'type': u'mirror'}]}
=== Testing job-pause/block-job-resume ===
{u'return': {}}
{u'timestamp': {u'seconds': 'SECS', u'microseconds': 'USECS'}, u'data': {u'status': u'paused', u'id': u'job0'}, u'event': u'JOB_STATUS_CHANGE'}
{u'return': [{u'status': u'paused', u'current-progress': 196608, u'total-progress': 4194304, u'id': u'job0', u'type': u'mirror'}]}
{u'return': {}}
{u'timestamp': {u'seconds': 'SECS', u'microseconds': 'USECS'}, u'data': {u'status': u'running', u'id': u'job0'}, u'event': u'JOB_STATUS_CHANGE'}
{u'return': [{u'status': u'running', u'current-progress': 262144, u'total-progress': 4194304, u'id': u'job0', u'type': u'mirror'}]}
=== Testing job-pause/job-resume ===
{u'return': {}}
{u'timestamp': {u'seconds': 'SECS', u'microseconds': 'USECS'}, u'data': {u'status': u'paused', u'id': u'job0'}, u'event': u'JOB_STATUS_CHANGE'}
{u'return': [{u'status': u'paused', u'current-progress': 262144, u'total-progress': 4194304, u'id': u'job0', u'type': u'mirror'}]}
{u'return': {}}
{u'timestamp': {u'seconds': 'SECS', u'microseconds': 'USECS'}, u'data': {u'status': u'running', u'id': u'job0'}, u'event': u'JOB_STATUS_CHANGE'}
{u'return': [{u'status': u'running', u'current-progress': 327680, u'total-progress': 4194304, u'id': u'job0', u'type': u'mirror'}]}
{u'error': {u'class': u'GenericError', u'desc': u"Job 'job0' in state 'running' cannot accept command verb 'complete'"}}
{u'error': {u'class': u'GenericError', u'desc': u"Job 'job0' in state 'running' cannot accept command verb 'finalize'"}}
{u'error': {u'class': u'GenericError', u'desc': u"Job 'job0' in state 'running' cannot accept command verb 'dismiss'"}}
{u'error': {u'class': u'GenericError', u'desc': u"Job 'job0' in state 'running' cannot accept command verb 'complete'"}}
{u'error': {u'class': u'GenericError', u'desc': u"Job 'job0' in state 'running' cannot accept command verb 'finalize'"}}
{u'error': {u'class': u'GenericError', u'desc': u"Job 'job0' in state 'running' cannot accept command verb 'dismiss'"}}
{u'return': {}}

Waiting for READY state...
{u'timestamp': {u'seconds': 'SECS', u'microseconds': 'USECS'}, u'data': {u'status': u'ready', u'id': u'job0'}, u'event': u'JOB_STATUS_CHANGE'}
{u'return': [{u'status': u'ready', u'current-progress': 4194304, u'total-progress': 4194304, u'id': u'job0', u'type': u'mirror'}]}

Pause/resume in READY
=== Testing block-job-pause/block-job-resume ===
{u'return': {}}
{u'timestamp': {u'seconds': 'SECS', u'microseconds': 'USECS'}, u'data': {u'status': u'standby', u'id': u'job0'}, u'event': u'JOB_STATUS_CHANGE'}
{u'return': [{u'status': u'standby', u'current-progress': 4194304, u'total-progress': 4194304, u'id': u'job0', u'type': u'mirror'}]}
{u'return': {}}
{u'timestamp': {u'seconds': 'SECS', u'microseconds': 'USECS'}, u'data': {u'status': u'ready', u'id': u'job0'}, u'event': u'JOB_STATUS_CHANGE'}
{u'return': [{u'status': u'ready', u'current-progress': 4194304, u'total-progress': 4194304, u'id': u'job0', u'type': u'mirror'}]}
=== Testing block-job-pause/job-resume ===
{u'return': {}}
{u'timestamp': {u'seconds': 'SECS', u'microseconds': 'USECS'}, u'data': {u'status': u'standby', u'id': u'job0'}, u'event': u'JOB_STATUS_CHANGE'}
{u'return': [{u'status': u'standby', u'current-progress': 4194304, u'total-progress': 4194304, u'id': u'job0', u'type': u'mirror'}]}
{u'return': {}}
{u'timestamp': {u'seconds': 'SECS', u'microseconds': 'USECS'}, u'data': {u'status': u'ready', u'id': u'job0'}, u'event': u'JOB_STATUS_CHANGE'}
{u'return': [{u'status': u'ready', u'current-progress': 4194304, u'total-progress': 4194304, u'id': u'job0', u'type': u'mirror'}]}
=== Testing job-pause/block-job-resume ===
{u'return': {}}
{u'timestamp': {u'seconds': 'SECS', u'microseconds': 'USECS'}, u'data': {u'status': u'standby', u'id': u'job0'}, u'event': u'JOB_STATUS_CHANGE'}
{u'return': [{u'status': u'standby', u'current-progress': 4194304, u'total-progress': 4194304, u'id': u'job0', u'type': u'mirror'}]}
{u'return': {}}
{u'timestamp': {u'seconds': 'SECS', u'microseconds': 'USECS'}, u'data': {u'status': u'ready', u'id': u'job0'}, u'event': u'JOB_STATUS_CHANGE'}
{u'return': [{u'status': u'ready', u'current-progress': 4194304, u'total-progress': 4194304, u'id': u'job0', u'type': u'mirror'}]}
=== Testing job-pause/job-resume ===
{u'return': {}}
{u'timestamp': {u'seconds': 'SECS', u'microseconds': 'USECS'}, u'data': {u'status': u'standby', u'id': u'job0'}, u'event': u'JOB_STATUS_CHANGE'}
{u'return': [{u'status': u'standby', u'current-progress': 4194304, u'total-progress': 4194304, u'id': u'job0', u'type': u'mirror'}]}
{u'return': {}}
{u'timestamp': {u'seconds': 'SECS', u'microseconds': 'USECS'}, u'data': {u'status': u'ready', u'id': u'job0'}, u'event': u'JOB_STATUS_CHANGE'}
{u'return': [{u'status': u'ready', u'current-progress': 4194304, u'total-progress': 4194304, u'id': u'job0', u'type': u'mirror'}]}
{u'error': {u'class': u'GenericError', u'desc': u"Job 'job0' in state 'ready' cannot accept command verb 'finalize'"}}
{u'error': {u'class': u'GenericError', u'desc': u"Job 'job0' in state 'ready' cannot accept command verb 'dismiss'"}}
{u'error': {u'class': u'GenericError', u'desc': u"Job 'job0' in state 'ready' cannot accept command verb 'finalize'"}}
{u'error': {u'class': u'GenericError', u'desc': u"Job 'job0' in state 'ready' cannot accept command verb 'dismiss'"}}
{u'return': {}}

Waiting for PENDING state...
{u'timestamp': {u'seconds': 'SECS', u'microseconds': 'USECS'}, u'data': {u'status': u'waiting', u'id': u'job0'}, u'event': u'JOB_STATUS_CHANGE'}
{u'timestamp': {u'seconds': 'SECS', u'microseconds': 'USECS'}, u'data': {u'status': u'pending', u'id': u'job0'}, u'event': u'JOB_STATUS_CHANGE'}
{u'timestamp': {u'seconds': 'SECS', u'microseconds': 'USECS'}, u'data': {u'status': u'concluded', u'id': u'job0'}, u'event': u'JOB_STATUS_CHANGE'}
{u'timestamp': {u'seconds': 'SECS', u'microseconds': 'USECS'}, u'data': {u'status': u'null', u'id': u'job0'}, u'event': u'JOB_STATUS_CHANGE'}
{u'return': []}


Starting block job: drive-backup (auto-finalize: True; auto-dismiss: True)
{u'return': {}}
{u'return': [{u'status': u'running', u'total-progress': 4194304, u'id': u'job0', u'type': u'backup'}]}
{u'timestamp': {u'seconds': 'SECS', u'microseconds': 'USECS'}, u'data': {u'status': u'created', u'id': u'job0'}, u'event': u'JOB_STATUS_CHANGE'}
{u'timestamp': {u'seconds': 'SECS', u'microseconds': 'USECS'}, u'data': {u'status': u'running', u'id': u'job0'}, u'event': u'JOB_STATUS_CHANGE'}

Pause/resume in RUNNING
=== Testing block-job-pause/block-job-resume ===
{u'return': {}}
{u'timestamp': {u'seconds': 'SECS', u'microseconds': 'USECS'}, u'data': {u'status': u'paused', u'id': u'job0'}, u'event': u'JOB_STATUS_CHANGE'}
{u'return': [{u'status': u'paused', u'current-progress': 65536, u'total-progress': 4194304, u'id': u'job0', u'type': u'backup'}]}
{u'return': {}}
{u'timestamp': {u'seconds': 'SECS', u'microseconds': 'USECS'}, u'data': {u'status': u'running', u'id': u'job0'}, u'event': u'JOB_STATUS_CHANGE'}
{u'return': [{u'status': u'running', u'current-progress': 131072, u'total-progress': 4194304, u'id': u'job0', u'type': u'backup'}]}
=== Testing block-job-pause/job-resume ===
{u'return': {}}
{u'timestamp': {u'seconds': 'SECS', u'microseconds': 'USECS'}, u'data': {u'status': u'paused', u'id': u'job0'}, u'event': u'JOB_STATUS_CHANGE'}
{u'return': [{u'status': u'paused', u'current-progress': 131072, u'total-progress': 4194304, u'id': u'job0', u'type': u'backup'}]}
{u'return': {}}
{u'timestamp': {u'seconds': 'SECS', u'microseconds': 'USECS'}, u'data': {u'status': u'running', u'id': u'job0'}, u'event': u'JOB_STATUS_CHANGE'}
{u'return': [{u'status': u'running', u'current-progress': 196608, u'total-progress': 4194304, u'id': u'job0', u'type': u'backup'}]}
=== Testing job-pause/block-job-resume ===
{u'return': {}}
{u'timestamp': {u'seconds': 'SECS', u'microseconds': 'USECS'}, u'data': {u'status': u'paused', u'id': u'job0'}, u'event': u'JOB_STATUS_CHANGE'}
{u'return': [{u'status': u'paused', u'current-progress': 196608, u'total-progress': 4194304, u'id': u'job0', u'type': u'backup'}]}
{u'return': {}}
{u'timestamp': {u'seconds': 'SECS', u'microseconds': 'USECS'}, u'data': {u'status': u'running', u'id': u'job0'}, u'event': u'JOB_STATUS_CHANGE'}
{u'return': [{u'status': u'running', u'current-progress': 262144, u'total-progress': 4194304, u'id': u'job0', u'type': u'backup'}]}
=== Testing job-pause/job-resume ===
{u'return': {}}
{u'timestamp': {u'seconds': 'SECS', u'microseconds': 'USECS'}, u'data': {u'status': u'paused', u'id': u'job0'}, u'event': u'JOB_STATUS_CHANGE'}
{u'return': [{u'status': u'paused', u'current-progress': 262144, u'total-progress': 4194304, u'id': u'job0', u'type': u'backup'}]}
{u'return': {}}
{u'timestamp': {u'seconds': 'SECS', u'microseconds': 'USECS'}, u'data': {u'status': u'running', u'id': u'job0'}, u'event': u'JOB_STATUS_CHANGE'}
{u'return': [{u'status': u'running', u'current-progress': 327680, u'total-progress': 4194304, u'id': u'job0', u'type': u'backup'}]}
{u'error': {u'class': u'GenericError', u'desc': u"Job 'job0' in state 'running' cannot accept command verb 'complete'"}}
{u'error': {u'class': u'GenericError', u'desc': u"Job 'job0' in state 'running' cannot accept command verb 'finalize'"}}
{u'error': {u'class': u'GenericError', u'desc': u"Job 'job0' in state 'running' cannot accept command verb 'dismiss'"}}
{u'error': {u'class': u'GenericError', u'desc': u"Job 'job0' in state 'running' cannot accept command verb 'complete'"}}
{u'error': {u'class': u'GenericError', u'desc': u"Job 'job0' in state 'running' cannot accept command verb 'finalize'"}}
{u'error': {u'class': u'GenericError', u'desc': u"Job 'job0' in state 'running' cannot accept command verb 'dismiss'"}}
{u'return': {}}

Waiting for PENDING state...
{u'timestamp': {u'seconds': 'SECS', u'microseconds': 'USECS'}, u'data': {u'status': u'waiting', u'id': u'job0'}, u'event': u'JOB_STATUS_CHANGE'}
{u'timestamp': {u'seconds': 'SECS', u'microseconds': 'USECS'}, u'data': {u'status': u'pending', u'id': u'job0'}, u'event': u'JOB_STATUS_CHANGE'}
{u'timestamp': {u'seconds': 'SECS', u'microseconds': 'USECS'}, u'data': {u'status': u'concluded', u'id': u'job0'}, u'event': u'JOB_STATUS_CHANGE'}
{u'timestamp': {u'seconds': 'SECS', u'microseconds': 'USECS'}, u'data': {u'status': u'null', u'id': u'job0'}, u'event': u'JOB_STATUS_CHANGE'}
{u'return': []}


Starting block job: drive-backup (auto-finalize: True; auto-dismiss: False)
{u'return': {}}
{u'return': [{u'status': u'running', u'total-progress': 4194304, u'id': u'job0', u'type': u'backup'}]}
{u'timestamp': {u'seconds': 'SECS', u'microseconds': 'USECS'}, u'data': {u'status': u'created', u'id': u'job0'}, u'event': u'JOB_STATUS_CHANGE'}
{u'timestamp': {u'seconds': 'SECS', u'microseconds': 'USECS'}, u'data': {u'status': u'running', u'id': u'job0'}, u'event': u'JOB_STATUS_CHANGE'}

Pause/resume in RUNNING
=== Testing block-job-pause/block-job-resume ===
{u'return': {}}
{u'timestamp': {u'seconds': 'SECS', u'microseconds': 'USECS'}, u'data': {u'status': u'paused', u'id': u'job0'}, u'event': u'JOB_STATUS_CHANGE'}
{u'return': [{u'status': u'paused', u'current-progress': 65536, u'total-progress': 4194304, u'id': u'job0', u'type': u'backup'}]}
{u'return': {}}
{u'timestamp': {u'seconds': 'SECS', u'microseconds': 'USECS'}, u'data': {u'status': u'running', u'id': u'job0'}, u'event': u'JOB_STATUS_CHANGE'}
{u'return': [{u'status': u'running', u'current-progress': 131072, u'total-progress': 4194304, u'id': u'job0', u'type': u'backup'}]}
=== Testing block-job-pause/job-resume ===
{u'return': {}}
{u'timestamp': {u'seconds': 'SECS', u'microseconds': 'USECS'}, u'data': {u'status': u'paused', u'id': u'job0'}, u'event': u'JOB_STATUS_CHANGE'}
{u'return': [{u'status': u'paused', u'current-progress': 131072, u'total-progress': 4194304, u'id': u'job0', u'type': u'backup'}]}
{u'return': {}}
{u'timestamp': {u'seconds': 'SECS', u'microseconds': 'USECS'}, u'data': {u'status': u'running', u'id': u'job0'}, u'event': u'JOB_STATUS_CHANGE'}
{u'return': [{u'status': u'running', u'current-progress': 196608, u'total-progress': 4194304, u'id': u'job0', u'type': u'backup'}]}
=== Testing job-pause/block-job-resume ===
{u'return': {}}
{u'timestamp': {u'seconds': 'SECS', u'microseconds': 'USECS'}, u'data': {u'status': u'paused', u'id': u'job0'}, u'event': u'JOB_STATUS_CHANGE'}
{u'return': [{u'status': u'paused', u'current-progress': 196608, u'total-progress': 4194304, u'id': u'job0', u'type': u'backup'}]}
{u'return': {}}
{u'timestamp': {u'seconds': 'SECS', u'microseconds': 'USECS'}, u'data': {u'status': u'running', u'id': u'job0'}, u'event': u'JOB_STATUS_CHANGE'}
{u'return': [{u'status': u'running', u'current-progress': 262144, u'total-progress': 4194304, u'id': u'job0', u'type': u'backup'}]}
=== Testing job-pause/job-resume ===
{u'return': {}}
{u'timestamp': {u'seconds': 'SECS', u'microseconds': 'USECS'}, u'data': {u'status': u'paused', u'id': u'job0'}, u'event': u'JOB_STATUS_CHANGE'}
{u'return': [{u'status': u'paused', u'current-progress': 262144, u'total-progress': 4194304, u'id': u'job0', u'type': u'backup'}]}
{u'return': {}}
{u'timestamp': {u'seconds': 'SECS', u'microseconds': 'USECS'}, u'data': {u'status': u'running', u'id': u'job0'}, u'event': u'JOB_STATUS_CHANGE'}
{u'return': [{u'status': u'running', u'current-progress': 327680, u'total-progress': 4194304, u'id': u'job0', u'type': u'backup'}]}
{u'error': {u'class': u'GenericError', u'desc': u"Job 'job0' in state 'running' cannot accept command verb 'complete'"}}
{u'error': {u'class': u'GenericError', u'desc': u"Job 'job0' in state 'running' cannot accept command verb 'finalize'"}}
{u'error': {u'class': u'GenericError', u'desc': u"Job 'job0' in state 'running' cannot accept command verb 'dismiss'"}}
{u'error': {u'class': u'GenericError', u'desc': u"Job 'job0' in state 'running' cannot accept command verb 'complete'"}}
{u'error': {u'class': u'GenericError', u'desc': u"Job 'job0' in state 'running' cannot accept command verb 'finalize'"}}
{u'error': {u'class': u'GenericError', u'desc': u"Job 'job0' in state 'running' cannot accept command verb 'dismiss'"}}
{u'return': {}}

Waiting for PENDING state...
{u'timestamp': {u'seconds': 'SECS', u'microseconds': 'USECS'}, u'data': {u'status': u'waiting', u'id': u'job0'}, u'event': u'JOB_STATUS_CHANGE'}
{u'timestamp': {u'seconds': 'SECS', u'microseconds': 'USECS'}, u'data': {u'status': u'pending', u'id': u'job0'}, u'event': u'JOB_STATUS_CHANGE'}
{u'timestamp': {u'seconds': 'SECS', u'microseconds': 'USECS'}, u'data': {u'status': u'concluded', u'id': u'job0'}, u'event': u'JOB_STATUS_CHANGE'}
{u'return': [{u'status': u'concluded', u'current-progress': 4194304, u'total-progress': 4194304, u'id': u'job0', u'type': u'backup'}]}
{u'error': {u'class': u'GenericError', u'desc': u"Job 'job0' in state 'concluded' cannot accept command verb 'pause'"}}
{u'error': {u'class': u'GenericError', u'desc': u"Job 'job0' in state 'concluded' cannot accept command verb 'complete'"}}
{u'error': {u'class': u'GenericError', u'desc': u"Job 'job0' in state 'concluded' cannot accept command verb 'finalize'"}}
{u'error': {u'class': u'GenericError', u'desc': u"Job 'job0' in state 'concluded' cannot accept command verb 'pause'"}}
{u'error': {u'class': u'GenericError', u'desc': u"Job 'job0' in state 'concluded' cannot accept command verb 'complete'"}}
{u'error': {u'class': u'GenericError', u'desc': u"Job 'job0' in state 'concluded' cannot accept command verb 'finalize'"}}
{u'return': {}}
{u'timestamp': {u'seconds': 'SECS', u'microseconds': 'USECS'}, u'data': {u'status': u'null', u'id': u'job0'}, u'event': u'JOB_STATUS_CHANGE'}
{u'return': []}


Starting block job: drive-backup (auto-finalize: False; auto-dismiss: True)
{u'return': {}}
{u'return': [{u'status': u'running', u'total-progress': 4194304, u'id': u'job0', u'type': u'backup'}]}
{u'timestamp': {u'seconds': 'SECS', u'microseconds': 'USECS'}, u'data': {u'status': u'created', u'id': u'job0'}, u'event': u'JOB_STATUS_CHANGE'}
{u'timestamp': {u'seconds': 'SECS', u'microseconds': 'USECS'}, u'data': {u'status': u'running', u'id': u'job0'}, u'event': u'JOB_STATUS_CHANGE'}

Pause/resume in RUNNING
=== Testing block-job-pause/block-job-resume ===
{u'return': {}}
{u'timestamp': {u'seconds': 'SECS', u'microseconds': 'USECS'}, u'data': {u'status': u'paused', u'id': u'job0'}, u'event': u'JOB_STATUS_CHANGE'}
{u'return': [{u'status': u'paused', u'current-progress': 65536, u'total-progress': 4194304, u'id': u'job0', u'type': u'backup'}]}
{u'return': {}}
{u'timestamp': {u'seconds': 'SECS', u'microseconds': 'USECS'}, u'data': {u'status': u'running', u'id': u'job0'}, u'event': u'JOB_STATUS_CHANGE'}
{u'return': [{u'status': u'running', u'current-progress': 131072, u'total-progress': 4194304, u'id': u'job0', u'type': u'backup'}]}
=== Testing block-job-pause/job-resume ===
{u'return': {}}
{u'timestamp': {u'seconds': 'SECS', u'microseconds': 'USECS'}, u'data': {u'status': u'paused', u'id': u'job0'}, u'event': u'JOB_STATUS_CHANGE'}
{u'return': [{u'status': u'paused', u'current-progress': 131072, u'total-progress': 4194304, u'id': u'job0', u'type': u'backup'}]}
{u'return': {}}
{u'timestamp': {u'seconds': 'SECS', u'microseconds': 'USECS'}, u'data': {u'status': u'running', u'id': u'job0'}, u'event': u'JOB_STATUS_CHANGE'}
{u'return': [{u'status': u'running', u'current-progress': 196608, u'total-progress': 4194304, u'id': u'job0', u'type': u'backup'}]}
=== Testing job-pause/block-job-resume ===
{u'return': {}}
{u'timestamp': {u'seconds': 'SECS', u'microseconds': 'USECS'}, u'data': {u'status': u'paused', u'id': u'job0'}, u'event': u'JOB_STATUS_CHANGE'}
{u'return': [{u'status': u'paused', u'current-progress': 196608, u'total-progress': 4194304, u'id': u'job0', u'type': u'backup'}]}
{u'return': {}}
{u'timestamp': {u'seconds': 'SECS', u'microseconds': 'USECS'}, u'data': {u'status': u'running', u'id': u'job0'}, u'event': u'JOB_STATUS_CHANGE'}
{u'return': [{u'status': u'running', u'current-progress': 262144, u'total-progress': 4194304, u'id': u'job0', u'type': u'backup'}]}
=== Testing job-pause/job-resume ===
{u'return': {}}
{u'timestamp': {u'seconds': 'SECS', u'microseconds': 'USECS'}, u'data': {u'status': u'paused', u'id': u'job0'}, u'event': u'JOB_STATUS_CHANGE'}
{u'return': [{u'status': u'paused', u'current-progress': 262144, u'total-progress': 4194304, u'id': u'job0', u'type': u'backup'}]}
{u'return': {}}
{u'timestamp': {u'seconds': 'SECS', u'microseconds': 'USECS'}, u'data': {u'status': u'running', u'id': u'job0'}, u'event': u'JOB_STATUS_CHANGE'}
{u'return': [{u'status': u'running', u'current-progress': 327680, u'total-progress': 4194304, u'id': u'job0', u'type': u'backup'}]}
{u'error': {u'class': u'GenericError', u'desc': u"Job 'job0' in state 'running' cannot accept command verb 'complete'"}}
{u'error': {u'class': u'GenericError', u'desc': u"Job 'job0' in state 'running' cannot accept command verb 'finalize'"}}
{u'error': {u'class': u'GenericError', u'desc': u"Job 'job0' in state 'running' cannot accept command verb 'dismiss'"}}
{u'error': {u'class': u'GenericError', u'desc': u"Job 'job0' in state 'running' cannot accept command verb 'complete'"}}
{u'error': {u'class': u'GenericError', u'desc': u"Job 'job0' in state 'running' cannot accept command verb 'finalize'"}}
{u'error': {u'class': u'GenericError', u'desc': u"Job 'job0' in state 'running' cannot accept command verb 'dismiss'"}}
{u'return': {}}

Waiting for PENDING state...
{u'timestamp': {u'seconds': 'SECS', u'microseconds': 'USECS'}, u'data': {u'status': u'waiting', u'id': u'job0'}, u'event': u'JOB_STATUS_CHANGE'}
{u'timestamp': {u'seconds': 'SECS', u'microseconds': 'USECS'}, u'data': {u'status': u'pending', u'id': u'job0'}, u'event': u'JOB_STATUS_CHANGE'}
{u'return': [{u'status': u'pending', u'current-progress': 4194304, u'total-progress': 4194304, u'id': u'job0', u'type': u'backup'}]}
{u'error': {u'class': u'GenericError', u'desc': u"Job 'job0' in state 'pending' cannot accept command verb 'pause'"}}
{u'error': {u'class': u'GenericError', u'desc': u"Job 'job0' in state 'pending' cannot accept command verb 'complete'"}}
{u'error': {u'class': u'GenericError', u'desc': u"Job 'job0' in state 'pending' cannot accept command verb 'dismiss'"}}
{u'error': {u'class': u'GenericError', u'desc': u"Job 'job0' in state 'pending' cannot accept command verb 'pause'"}}
{u'error': {u'class': u'GenericError', u'desc': u"Job 'job0' in state 'pending' cannot accept command verb 'complete'"}}
{u'error': {u'class': u'GenericError', u'desc': u"Job 'job0' in state 'pending' cannot accept command verb 'dismiss'"}}
{u'return': {}}
{u'timestamp': {u'seconds': 'SECS', u'microseconds': 'USECS'}, u'data': {u'status': u'concluded', u'id': u'job0'}, u'event': u'JOB_STATUS_CHANGE'}
{u'timestamp': {u'seconds': 'SECS', u'microseconds': 'USECS'}, u'data': {u'status': u'null', u'id': u'job0'}, u'event': u'JOB_STATUS_CHANGE'}
{u'return': []}


Starting block job: drive-backup (auto-finalize: False; auto-dismiss: False)
{u'return': {}}
{u'return': [{u'status': u'running', u'total-progress': 4194304, u'id': u'job0', u'type': u'backup'}]}
{u'timestamp': {u'seconds': 'SECS', u'microseconds': 'USECS'}, u'data': {u'status': u'created', u'id': u'job0'}, u'event': u'JOB_STATUS_CHANGE'}
{u'timestamp': {u'seconds': 'SECS', u'microseconds': 'USECS'}, u'data': {u'status': u'running', u'id': u'job0'}, u'event': u'JOB_STATUS_CHANGE'}

Pause/resume in RUNNING
=== Testing block-job-pause/block-job-resume ===
{u'return': {}}
{u'timestamp': {u'seconds': 'SECS', u'microseconds': 'USECS'}, u'data': {u'status': u'paused', u'id': u'job0'}, u'event': u'JOB_STATUS_CHANGE'}
{u'return': [{u'status': u'paused', u'current-progress': 65536, u'total-progress': 4194304, u'id': u'job0', u'type': u'backup'}]}
{u'return': {}}
{u'timestamp': {u'seconds': 'SECS', u'microseconds': 'USECS'}, u'data': {u'status': u'running', u'id': u'job0'}, u'event': u'JOB_STATUS_CHANGE'}
{u'return': [{u'status': u'running', u'current-progress': 131072, u'total-progress': 4194304, u'id': u'job0', u'type': u'backup'}]}
=== Testing block-job-pause/job-resume ===
{u'return': {}}
{u'timestamp': {u'seconds': 'SECS', u'microseconds': 'USECS'}, u'data': {u'status': u'paused', u'id': u'job0'}, u'event': u'JOB_STATUS_CHANGE'}
{u'return': [{u'status': u'paused', u'current-progress': 131072, u'total-progress': 4194304, u'id': u'job0', u'type': u'backup'}]}
{u'return': {}}
{u'timestamp': {u'seconds': 'SECS', u'microseconds': 'USECS'}, u'data': {u'status': u'running', u'id': u'job0'}, u'event': u'JOB_STATUS_CHANGE'}
{u'return': [{u'status': u'running', u'current-progress': 196608, u'total-progress': 4194304, u'id': u'job0', u'type': u'backup'}]}
=== Testing job-pause/block-job-resume ===
{u'return': {}}
{u'timestamp': {u'seconds': 'SECS', u'microseconds': 'USECS'}, u'data': {u'status': u'paused', u'id': u'job0'}, u'event': u'JOB_STATUS_CHANGE'}
{u'return': [{u'status': u'paused', u'current-progress': 196608, u'total-progress': 4194304, u'id': u'job0', u'type': u'backup'}]}
{u'return': {}}
{u'timestamp': {u'seconds': 'SECS', u'microseconds': 'USECS'}, u'data': {u'status': u'running', u'id': u'job0'}, u'event': u'JOB_STATUS_CHANGE'}
{u'return': [{u'status': u'running', u'current-progress': 262144, u'total-progress': 4194304, u'id': u'job0', u'type': u'backup'}]}
=== Testing job-pause/job-resume ===
{u'return': {}}
{u'timestamp': {u'seconds': 'SECS', u'microseconds': 'USECS'}, u'data': {u'status': u'paused', u'id': u'job0'}, u'event': u'JOB_STATUS_CHANGE'}
{u'return': [{u'status': u'paused', u'current-progress': 262144, u'total-progress': 4194304, u'id': u'job0', u'type': u'backup'}]}
{u'return': {}}
{u'timestamp': {u'seconds': 'SECS', u'microseconds': 'USECS'}, u'data': {u'status': u'running', u'id': u'job0'}, u'event': u'JOB_STATUS_CHANGE'}
{u'return': [{u'status': u'running', u'current-progress': 327680, u'total-progress': 4194304, u'id': u'job0', u'type': u'backup'}]}
{u'error': {u'class': u'GenericError', u'desc': u"Job 'job0' in state 'running' cannot accept command verb 'complete'"}}
{u'error': {u'class': u'GenericError', u'desc': u"Job 'job0' in state 'running' cannot accept command verb 'finalize'"}}
{u'error': {u'class': u'GenericError', u'desc': u"Job 'job0' in state 'running' cannot accept command verb 'dismiss'"}}
{u'error': {u'class': u'GenericError', u'desc': u"Job 'job0' in state 'running' cannot accept command verb 'complete'"}}
{u'error': {u'class': u'GenericError', u'desc': u"Job 'job0' in state 'running' cannot accept command verb 'finalize'"}}
{u'error': {u'class': u'GenericError', u'desc': u"Job 'job0' in state 'running' cannot accept command verb 'dismiss'"}}
{u'return': {}}

Waiting for PENDING state...
{u'timestamp': {u'seconds': 'SECS', u'microseconds': 'USECS'}, u'data': {u'status': u'waiting', u'id': u'job0'}, u'event': u'JOB_STATUS_CHANGE'}
{u'timestamp': {u'seconds': 'SECS', u'microseconds': 'USECS'}, u'data': {u'status': u'pending', u'id': u'job0'}, u'event': u'JOB_STATUS_CHANGE'}
{u'return': [{u'status': u'pending', u'current-progress': 4194304, u'total-progress': 4194304, u'id': u'job0', u'type': u'backup'}]}
{u'error': {u'class': u'GenericError', u'desc': u"Job 'job0' in state 'pending' cannot accept command verb 'pause'"}}
{u'error': {u'class': u'GenericError', u'desc': u"Job 'job0' in state 'pending' cannot accept command verb 'complete'"}}
{u'error': {u'class': u'GenericError', u'desc': u"Job 'job0' in state 'pending' cannot accept command verb 'dismiss'"}}
{u'error': {u'class': u'GenericError', u'desc': u"Job 'job0' in state 'pending' cannot accept command verb 'pause'"}}
{u'error': {u'class': u'GenericError', u'desc': u"Job 'job0' in state 'pending' cannot accept command verb 'complete'"}}
{u'error': {u'class': u'GenericError', u'desc': u"Job 'job0' in state 'pending' cannot accept command verb 'dismiss'"}}
{u'return': {}}
{u'timestamp': {u'seconds': 'SECS', u'microseconds': 'USECS'}, u'data': {u'status': u'concluded', u'id': u'job0'}, u'event': u'JOB_STATUS_CHANGE'}
{u'return': [{u'status': u'concluded', u'current-progress': 4194304, u'total-progress': 4194304, u'id': u'job0', u'type': u'backup'}]}
{u'error': {u'class': u'GenericError', u'desc': u"Job 'job0' in state 'concluded' cannot accept command verb 'pause'"}}
{u'error': {u'class': u'GenericError', u'desc': u"Job 'job0' in state 'concluded' cannot accept command verb 'complete'"}}
{u'error': {u'class': u'GenericError', u'desc': u"Job 'job0' in state 'concluded' cannot accept command verb 'finalize'"}}
{u'error': {u'class': u'GenericError', u'desc': u"Job 'job0' in state 'concluded' cannot accept command verb 'pause'"}}
{u'error': {u'class': u'GenericError', u'desc': u"Job 'job0' in state 'concluded' cannot accept command verb 'complete'"}}
{u'error': {u'class': u'GenericError', u'desc': u"Job 'job0' in state 'concluded' cannot accept command verb 'finalize'"}}
{u'return': {}}
{u'timestamp': {u'seconds': 'SECS', u'microseconds': 'USECS'}, u'data': {u'status': u'null', u'id': u'job0'}, u'event': u'JOB_STATUS_CHANGE'}
{u'return': []}
